app/legal/dispute/page.tsx(22,98): error TS2353: Object literal may only specify known properties, and 'COMPANY_TRADING_NAME' does not exist in type 'ReactElement<unknown, string | JSXElementConstructor<any>> | Iterable<ReactNode> | ReactPortal | Promise<...>'.
app/legal/dispute/page.tsx(22,98): error TS18004: No value exists in scope for the shorthand property 'COMPANY_TRADING_NAME'. Either declare one or provide an initializer.
app/legal/dispute/page.tsx(144,92): error TS2353: Object literal may only specify known properties, and 'COMPANY_ADDRESS' does not exist in type 'ReactElement<unknown, string | JSXElementConstructor<any>> | Iterable<ReactNode> | ReactPortal | Promise<...>'.
app/legal/dispute/page.tsx(144,92): error TS18004: No value exists in scope for the shorthand property 'COMPANY_ADDRESS'. Either declare one or provide an initializer.
app/legal/dpa/page.tsx(22,99): error TS2353: Object literal may only specify known properties, and 'COMPANY_TRADING_NAME' does not exist in type 'ReactElement<unknown, string | JSXElementConstructor<any>> | Iterable<ReactNode> | ReactPortal | Promise<...>'.
app/legal/dpa/page.tsx(22,99): error TS18004: No value exists in scope for the shorthand property 'COMPANY_TRADING_NAME'. Either declare one or provide an initializer.
app/legal/privacy/page.tsx(25,67): error TS2353: Object literal may only specify known properties, and 'COMPANY_TRADING_NAME' does not exist in type 'ReactElement<unknown, string | JSXElementConstructor<any>> | Iterable<ReactNode> | ReactPortal | Promise<...>'.
app/legal/privacy/page.tsx(25,67): error TS18004: No value exists in scope for the shorthand property 'COMPANY_TRADING_NAME'. Either declare one or provide an initializer.
app/legal/privacy/page.tsx(39,97): error TS2353: Object literal may only specify known properties, and 'COMPANY_REGISTERED_NAME' does not exist in type 'ReactElement<unknown, string | JSXElementConstructor<any>> | Iterable<ReactNode> | ReactPortal | Promise<...>'.
app/legal/privacy/page.tsx(39,97): error TS18004: No value exists in scope for the shorthand property 'COMPANY_REGISTERED_NAME'. Either declare one or provide an initializer.
app/legal/privacy/page.tsx(40,95): error TS2353: Object literal may only specify known properties, and 'COMPANY_TRADING_NAME' does not exist in type 'ReactElement<unknown, string | JSXElementConstructor<any>> | Iterable<ReactNode> | ReactPortal | Promise<...>'.
app/legal/privacy/page.tsx(40,95): error TS18004: No value exists in scope for the shorthand property 'COMPANY_TRADING_NAME'. Either declare one or provide an initializer.
app/legal/privacy/page.tsx(41,99): error TS2353: Object literal may only specify known properties, and 'COMPANY_NUMBER' does not exist in type 'ReactElement<unknown, string | JSXElementConstructor<any>> | Iterable<ReactNode> | ReactPortal | Promise<...>'.
app/legal/privacy/page.tsx(41,99): error TS18004: No value exists in scope for the shorthand property 'COMPANY_NUMBER'. Either declare one or provide an initializer.
app/legal/privacy/page.tsx(42,92): error TS2353: Object literal may only specify known properties, and 'COMPANY_ADDRESS' does not exist in type 'ReactElement<unknown, string | JSXElementConstructor<any>> | Iterable<ReactNode> | ReactPortal | Promise<...>'.
app/legal/privacy/page.tsx(42,92): error TS18004: No value exists in scope for the shorthand property 'COMPANY_ADDRESS'. Either declare one or provide an initializer.
app/legal/privacy/page.tsx(248,92): error TS2353: Object literal may only specify known properties, and 'COMPANY_ADDRESS' does not exist in type 'ReactElement<unknown, string | JSXElementConstructor<any>> | Iterable<ReactNode> | ReactPortal | Promise<...>'.
app/legal/privacy/page.tsx(248,92): error TS18004: No value exists in scope for the shorthand property 'COMPANY_ADDRESS'. Either declare one or provide an initializer.
