  Determining projects to restore...
  All projects are up-to-date for restore.
  HospitalityPlatform.Core -> D:\projects\antigravity\Job-Platform\backend\src\HospitalityPlatform.Core\bin\Debug\net8.0\HospitalityPlatform.Core.dll
  HospitalityPlatform.Billing -> D:\projects\antigravity\Job-Platform\backend\src\HospitalityPlatform.Billing\bin\Debug\net8.0\HospitalityPlatform.Billing.dll
  HospitalityPlatform.Audit -> D:\projects\antigravity\Job-Platform\backend\src\HospitalityPlatform.Audit\bin\Debug\net8.0\HospitalityPlatform.Audit.dll
  HospitalityPlatform.Jobs -> D:\projects\antigravity\Job-Platform\backend\src\HospitalityPlatform.Jobs\bin\Debug\net8.0\HospitalityPlatform.Jobs.dll
  HospitalityPlatform.Applications -> D:\projects\antigravity\Job-Platform\backend\src\HospitalityPlatform.Applications\bin\Debug\net8.0\HospitalityPlatform.Applications.dll
  HospitalityPlatform.Identity -> D:\projects\antigravity\Job-Platform\backend\src\HospitalityPlatform.Identity\bin\Debug\net8.0\HospitalityPlatform.Identity.dll
D:\projects\antigravity\Job-Platform\backend\src\HospitalityPlatform.Messaging\Controllers\MessagingController.cs(20,2): error CS0246: The type or namespace name 'AuthorizeAttribute' could not be found (are you missing a using directive or an assembly reference?) [D:\projects\antigravity\Job-Platform\backend\src\HospitalityPlatform.Messaging\HospitalityPlatform.Messaging.csproj]
D:\projects\antigravity\Job-Platform\backend\src\HospitalityPlatform.Messaging\Controllers\MessagingController.cs(20,2): error CS0246: The type or namespace name 'Authorize' could not be found (are you missing a using directive or an assembly reference?) [D:\projects\antigravity\Job-Platform\backend\src\HospitalityPlatform.Messaging\HospitalityPlatform.Messaging.csproj]
D:\projects\antigravity\Job-Platform\backend\src\HospitalityPlatform.Messaging\Entities\Message.cs(31,17): warning CS0108: 'Message.IsDeleted' hides inherited member 'BaseEntity.IsDeleted'. Use the new keyword if hiding was intended. [D:\projects\antigravity\Job-Platform\backend\src\HospitalityPlatform.Messaging\HospitalityPlatform.Messaging.csproj]
D:\projects\antigravity\Job-Platform\backend\src\HospitalityPlatform.Messaging\Entities\Message.cs(34,22): warning CS0108: 'Message.DeletedAt' hides inherited member 'BaseEntity.DeletedAt'. Use the new keyword if hiding was intended. [D:\projects\antigravity\Job-Platform\backend\src\HospitalityPlatform.Messaging\HospitalityPlatform.Messaging.csproj]

Build FAILED.

D:\projects\antigravity\Job-Platform\backend\src\HospitalityPlatform.Messaging\Entities\Message.cs(31,17): warning CS0108: 'Message.IsDeleted' hides inherited member 'BaseEntity.IsDeleted'. Use the new keyword if hiding was intended. [D:\projects\antigravity\Job-Platform\backend\src\HospitalityPlatform.Messaging\HospitalityPlatform.Messaging.csproj]
D:\projects\antigravity\Job-Platform\backend\src\HospitalityPlatform.Messaging\Entities\Message.cs(34,22): warning CS0108: 'Message.DeletedAt' hides inherited member 'BaseEntity.DeletedAt'. Use the new keyword if hiding was intended. [D:\projects\antigravity\Job-Platform\backend\src\HospitalityPlatform.Messaging\HospitalityPlatform.Messaging.csproj]
D:\projects\antigravity\Job-Platform\backend\src\HospitalityPlatform.Messaging\Controllers\MessagingController.cs(20,2): error CS0246: The type or namespace name 'AuthorizeAttribute' could not be found (are you missing a using directive or an assembly reference?) [D:\projects\antigravity\Job-Platform\backend\src\HospitalityPlatform.Messaging\HospitalityPlatform.Messaging.csproj]
D:\projects\antigravity\Job-Platform\backend\src\HospitalityPlatform.Messaging\Controllers\MessagingController.cs(20,2): error CS0246: The type or namespace name 'Authorize' could not be found (are you missing a using directive or an assembly reference?) [D:\projects\antigravity\Job-Platform\backend\src\HospitalityPlatform.Messaging\HospitalityPlatform.Messaging.csproj]
    2 Warning(s)
    2 Error(s)

Time Elapsed 00:00:01.47

Workload updates are available. Run `dotnet workload list` for more information.
