c:\Users\gaby8\Documents\GitHub\Job-Platform\backend\src\HospitalityPlatform.Api\Controllers\CandidatesController.cs(148,21): error CS1061: 'SendConnectionRequestDto' does not contain a definition for 'receiverId' and no accessible extension method 'receiverId' accepting a first argument of type 'SendConnectionRequestDto' could be found (are you missing a using directive or an assembly reference?) [c:\Users\gaby8\Documents\GitHub\Job-Platform\backend\src\HospitalityPlatform.Api\HospitalityPlatform.Api.csproj]
c:\Users\gaby8\Documents\GitHub\Job-Platform\backend\src\HospitalityPlatform.Api\Controllers\CandidatesController.cs(149,27): error CS1061: 'SendConnectionRequestDto' does not contain a definition for 'placeKey' and no accessible extension method 'placeKey' accepting a first argument of type 'SendConnectionRequestDto' could be found (are you missing a using directive or an assembly reference?) [c:\Users\gaby8\Documents\GitHub\Job-Platform\backend\src\HospitalityPlatform.Api\HospitalityPlatform.Api.csproj]
c:\Users\gaby8\Documents\GitHub\Job-Platform\backend\src\HospitalityPlatform.Api\Controllers\CandidatesController.cs(149,41): error CS1061: 'SendConnectionRequestDto' does not contain a definition for 'workplaceName' and no accessible extension method 'workplaceName' accepting a first argument of type 'SendConnectionRequestDto' could be found (are you missing a using directive or an assembly reference?) [c:\Users\gaby8\Documents\GitHub\Job-Platform\backend\src\HospitalityPlatform.Api\HospitalityPlatform.Api.csproj]

Build FAILED.
    6 Warning(s)
    3 Error(s)

Time Elapsed 00:00:01.71
