D:\projects\antigravity\Job-Platform\backend\src\HospitalityPlatform.Documents\HospitalityPlatform.Documents.csproj : warning NU1902: Package 'Amazon.Extensions.S3.Encryption' 2.0.0 has a known moderate severity vulnerability, https://github.com/advisories/GHSA-4v42-65r3-3gjx [D:\projects\antigravity\Job-Platform\backend\src\HospitalityPlatform.Api\HospitalityPlatform.Api.csproj]
D:\projects\antigravity\Job-Platform\backend\src\HospitalityPlatform.Documents\HospitalityPlatform.Documents.csproj : warning NU1902: Package 'Amazon.Extensions.S3.Encryption' 2.0.0 has a known moderate severity vulnerability, https://github.com/advisories/GHSA-4v42-65r3-3gjx
D:\projects\antigravity\Job-Platform\backend\src\HospitalityPlatform.Ratings\Controllers\UserRatingsController.cs(37,26): warning CS0168: The variable 'ex' is declared but never used [D:\projects\antigravity\Job-Platform\backend\src\HospitalityPlatform.Ratings\HospitalityPlatform.Ratings.csproj]
D:\projects\antigravity\Job-Platform\backend\src\HospitalityPlatform.Billing\Entities\Invoice.cs(16,20): error CS0246: The type or namespace name 'Organization' could not be found (are you missing a using directive or an assembly reference?) [D:\projects\antigravity\Job-Platform\backend\src\HospitalityPlatform.Billing\HospitalityPlatform.Billing.csproj]
D:\projects\antigravity\Job-Platform\backend\src\HospitalityPlatform.Billing\Entities\OrganizationCredit.cs(22,21): warning CS0108: 'OrganizationCredit.CreatedAt' hides inherited member 'BaseEntity.CreatedAt'. Use the new keyword if hiding was intended. [D:\projects\antigravity\Job-Platform\backend\src\HospitalityPlatform.Billing\HospitalityPlatform.Billing.csproj]
D:\projects\antigravity\Job-Platform\backend\src\HospitalityPlatform.Billing\Entities\OrganizationCredit.cs(23,21): warning CS0108: 'OrganizationCredit.UpdatedAt' hides inherited member 'BaseEntity.UpdatedAt'. Use the new keyword if hiding was intended. [D:\projects\antigravity\Job-Platform\backend\src\HospitalityPlatform.Billing\HospitalityPlatform.Billing.csproj]
D:\projects\antigravity\Job-Platform\backend\src\HospitalityPlatform.Billing\Entities\OutreachActivity.cs(37,21): warning CS0108: 'OutreachActivity.CreatedAt' hides inherited member 'BaseEntity.CreatedAt'. Use the new keyword if hiding was intended. [D:\projects\antigravity\Job-Platform\backend\src\HospitalityPlatform.Billing\HospitalityPlatform.Billing.csproj]
D:\projects\antigravity\Job-Platform\backend\src\HospitalityPlatform.Documents\Entities\Document.cs(37,17): warning CS0108: 'Document.IsDeleted' hides inherited member 'BaseEntity.IsDeleted'. Use the new keyword if hiding was intended. [D:\projects\antigravity\Job-Platform\backend\src\HospitalityPlatform.Documents\HospitalityPlatform.Documents.csproj]
D:\projects\antigravity\Job-Platform\backend\src\HospitalityPlatform.Documents\Entities\Document.cs(40,22): warning CS0108: 'Document.DeletedAt' hides inherited member 'BaseEntity.DeletedAt'. Use the new keyword if hiding was intended. [D:\projects\antigravity\Job-Platform\backend\src\HospitalityPlatform.Documents\HospitalityPlatform.Documents.csproj]
D:\projects\antigravity\Job-Platform\backend\src\HospitalityPlatform.Identity\Migrations\20260105063354_InitialCreate.Designer.cs(14,23): warning CS0618: 'ApplicationDbContext' is obsolete: 'Use HospitalityPlatform.Database.ApplicationDbContext instead' [D:\projects\antigravity\Job-Platform\backend\src\HospitalityPlatform.Identity\HospitalityPlatform.Identity.csproj]
D:\projects\antigravity\Job-Platform\backend\src\HospitalityPlatform.Identity\Migrations\ApplicationDbContextModelSnapshot.cs(13,23): warning CS0618: 'ApplicationDbContext' is obsolete: 'Use HospitalityPlatform.Database.ApplicationDbContext instead' [D:\projects\antigravity\Job-Platform\backend\src\HospitalityPlatform.Identity\HospitalityPlatform.Identity.csproj]
D:\projects\antigravity\Job-Platform\backend\src\HospitalityPlatform.Candidates\Services\CandidateSearchService.cs(2,27): error CS0234: The type or namespace name 'Identity' does not exist in the namespace 'HospitalityPlatform' (are you missing an assembly reference?) [D:\projects\antigravity\Job-Platform\backend\src\HospitalityPlatform.Candidates\HospitalityPlatform.Candidates.csproj]
D:\projects\antigravity\Job-Platform\backend\src\HospitalityPlatform.Candidates\Services\ICandidatesDbContext.cs(2,27): error CS0234: The type or namespace name 'Identity' does not exist in the namespace 'HospitalityPlatform' (are you missing an assembly reference?) [D:\projects\antigravity\Job-Platform\backend\src\HospitalityPlatform.Candidates\HospitalityPlatform.Candidates.csproj]
D:\projects\antigravity\Job-Platform\backend\src\HospitalityPlatform.Candidates\Services\SavedSearchService.cs(2,27): error CS0234: The type or namespace name 'Identity' does not exist in the namespace 'HospitalityPlatform' (are you missing an assembly reference?) [D:\projects\antigravity\Job-Platform\backend\src\HospitalityPlatform.Candidates\HospitalityPlatform.Candidates.csproj]
D:\projects\antigravity\Job-Platform\backend\src\HospitalityPlatform.Candidates\Services\ICandidatesDbContext.cs(8,5): error CS0246: The type or namespace name 'DbSet<>' could not be found (are you missing a using directive or an assembly reference?) [D:\projects\antigravity\Job-Platform\backend\src\HospitalityPlatform.Candidates\HospitalityPlatform.Candidates.csproj]
D:\projects\antigravity\Job-Platform\backend\src\HospitalityPlatform.Candidates\Services\ICandidatesDbContext.cs(9,5): error CS0246: The type or namespace name 'DbSet<>' could not be found (are you missing a using directive or an assembly reference?) [D:\projects\antigravity\Job-Platform\backend\src\HospitalityPlatform.Candidates\HospitalityPlatform.Candidates.csproj]
D:\projects\antigravity\Job-Platform\backend\src\HospitalityPlatform.Candidates\Services\ICandidatesDbContext.cs(10,5): error CS0246: The type or namespace name 'DbSet<>' could not be found (are you missing a using directive or an assembly reference?) [D:\projects\antigravity\Job-Platform\backend\src\HospitalityPlatform.Candidates\HospitalityPlatform.Candidates.csproj]
D:\projects\antigravity\Job-Platform\backend\src\HospitalityPlatform.Candidates\Services\ICandidatesDbContext.cs(11,5): error CS0246: The type or namespace name 'DbSet<>' could not be found (are you missing a using directive or an assembly reference?) [D:\projects\antigravity\Job-Platform\backend\src\HospitalityPlatform.Candidates\HospitalityPlatform.Candidates.csproj]
D:\projects\antigravity\Job-Platform\backend\src\HospitalityPlatform.Candidates\Services\ICandidatesDbContext.cs(11,11): error CS0246: The type or namespace name 'CandidateProfile' could not be found (are you missing a using directive or an assembly reference?) [D:\projects\antigravity\Job-Platform\backend\src\HospitalityPlatform.Candidates\HospitalityPlatform.Candidates.csproj]
D:\projects\antigravity\Job-Platform\backend\src\HospitalityPlatform.Candidates\Services\ICandidatesDbContext.cs(12,5): error CS0246: The type or namespace name 'DbSet<>' could not be found (are you missing a using directive or an assembly reference?) [D:\projects\antigravity\Job-Platform\backend\src\HospitalityPlatform.Candidates\HospitalityPlatform.Candidates.csproj]
D:\projects\antigravity\Job-Platform\backend\src\HospitalityPlatform.Candidates\Services\ICandidatesDbContext.cs(12,11): error CS0246: The type or namespace name 'SavedSearch' could not be found (are you missing a using directive or an assembly reference?) [D:\projects\antigravity\Job-Platform\backend\src\HospitalityPlatform.Candidates\HospitalityPlatform.Candidates.csproj]
D:\projects\antigravity\Job-Platform\backend\src\HospitalityPlatform.Candidates\Services\ICandidatesDbContext.cs(13,5): error CS0246: The type or namespace name 'DbSet<>' could not be found (are you missing a using directive or an assembly reference?) [D:\projects\antigravity\Job-Platform\backend\src\HospitalityPlatform.Candidates\HospitalityPlatform.Candidates.csproj]
D:\projects\antigravity\Job-Platform\backend\src\HospitalityPlatform.Candidates\Services\ICandidatesDbContext.cs(13,11): error CS0246: The type or namespace name 'ApplicationUser' could not be found (are you missing a using directive or an assembly reference?) [D:\projects\antigravity\Job-Platform\backend\src\HospitalityPlatform.Candidates\HospitalityPlatform.Candidates.csproj]

Build FAILED.

D:\projects\antigravity\Job-Platform\backend\src\HospitalityPlatform.Documents\HospitalityPlatform.Documents.csproj : warning NU1902: Package 'Amazon.Extensions.S3.Encryption' 2.0.0 has a known moderate severity vulnerability, https://github.com/advisories/GHSA-4v42-65r3-3gjx [D:\projects\antigravity\Job-Platform\backend\src\HospitalityPlatform.Api\HospitalityPlatform.Api.csproj]
D:\projects\antigravity\Job-Platform\backend\src\HospitalityPlatform.Documents\HospitalityPlatform.Documents.csproj : warning NU1902: Package 'Amazon.Extensions.S3.Encryption' 2.0.0 has a known moderate severity vulnerability, https://github.com/advisories/GHSA-4v42-65r3-3gjx
D:\projects\antigravity\Job-Platform\backend\src\HospitalityPlatform.Ratings\Controllers\UserRatingsController.cs(37,26): warning CS0168: The variable 'ex' is declared but never used [D:\projects\antigravity\Job-Platform\backend\src\HospitalityPlatform.Ratings\HospitalityPlatform.Ratings.csproj]
D:\projects\antigravity\Job-Platform\backend\src\HospitalityPlatform.Billing\Entities\OrganizationCredit.cs(22,21): warning CS0108: 'OrganizationCredit.CreatedAt' hides inherited member 'BaseEntity.CreatedAt'. Use the new keyword if hiding was intended. [D:\projects\antigravity\Job-Platform\backend\src\HospitalityPlatform.Billing\HospitalityPlatform.Billing.csproj]
D:\projects\antigravity\Job-Platform\backend\src\HospitalityPlatform.Billing\Entities\OrganizationCredit.cs(23,21): warning CS0108: 'OrganizationCredit.UpdatedAt' hides inherited member 'BaseEntity.UpdatedAt'. Use the new keyword if hiding was intended. [D:\projects\antigravity\Job-Platform\backend\src\HospitalityPlatform.Billing\HospitalityPlatform.Billing.csproj]
D:\projects\antigravity\Job-Platform\backend\src\HospitalityPlatform.Billing\Entities\OutreachActivity.cs(37,21): warning CS0108: 'OutreachActivity.CreatedAt' hides inherited member 'BaseEntity.CreatedAt'. Use the new keyword if hiding was intended. [D:\projects\antigravity\Job-Platform\backend\src\HospitalityPlatform.Billing\HospitalityPlatform.Billing.csproj]
D:\projects\antigravity\Job-Platform\backend\src\HospitalityPlatform.Documents\Entities\Document.cs(37,17): warning CS0108: 'Document.IsDeleted' hides inherited member 'BaseEntity.IsDeleted'. Use the new keyword if hiding was intended. [D:\projects\antigravity\Job-Platform\backend\src\HospitalityPlatform.Documents\HospitalityPlatform.Documents.csproj]
D:\projects\antigravity\Job-Platform\backend\src\HospitalityPlatform.Documents\Entities\Document.cs(40,22): warning CS0108: 'Document.DeletedAt' hides inherited member 'BaseEntity.DeletedAt'. Use the new keyword if hiding was intended. [D:\projects\antigravity\Job-Platform\backend\src\HospitalityPlatform.Documents\HospitalityPlatform.Documents.csproj]
D:\projects\antigravity\Job-Platform\backend\src\HospitalityPlatform.Identity\Migrations\20260105063354_InitialCreate.Designer.cs(14,23): warning CS0618: 'ApplicationDbContext' is obsolete: 'Use HospitalityPlatform.Database.ApplicationDbContext instead' [D:\projects\antigravity\Job-Platform\backend\src\HospitalityPlatform.Identity\HospitalityPlatform.Identity.csproj]
D:\projects\antigravity\Job-Platform\backend\src\HospitalityPlatform.Identity\Migrations\ApplicationDbContextModelSnapshot.cs(13,23): warning CS0618: 'ApplicationDbContext' is obsolete: 'Use HospitalityPlatform.Database.ApplicationDbContext instead' [D:\projects\antigravity\Job-Platform\backend\src\HospitalityPlatform.Identity\HospitalityPlatform.Identity.csproj]
D:\projects\antigravity\Job-Platform\backend\src\HospitalityPlatform.Billing\Entities\Invoice.cs(16,20): error CS0246: The type or namespace name 'Organization' could not be found (are you missing a using directive or an assembly reference?) [D:\projects\antigravity\Job-Platform\backend\src\HospitalityPlatform.Billing\HospitalityPlatform.Billing.csproj]
D:\projects\antigravity\Job-Platform\backend\src\HospitalityPlatform.Candidates\Services\CandidateSearchService.cs(2,27): error CS0234: The type or namespace name 'Identity' does not exist in the namespace 'HospitalityPlatform' (are you missing an assembly reference?) [D:\projects\antigravity\Job-Platform\backend\src\HospitalityPlatform.Candidates\HospitalityPlatform.Candidates.csproj]
D:\projects\antigravity\Job-Platform\backend\src\HospitalityPlatform.Candidates\Services\ICandidatesDbContext.cs(2,27): error CS0234: The type or namespace name 'Identity' does not exist in the namespace 'HospitalityPlatform' (are you missing an assembly reference?) [D:\projects\antigravity\Job-Platform\backend\src\HospitalityPlatform.Candidates\HospitalityPlatform.Candidates.csproj]
D:\projects\antigravity\Job-Platform\backend\src\HospitalityPlatform.Candidates\Services\SavedSearchService.cs(2,27): error CS0234: The type or namespace name 'Identity' does not exist in the namespace 'HospitalityPlatform' (are you missing an assembly reference?) [D:\projects\antigravity\Job-Platform\backend\src\HospitalityPlatform.Candidates\HospitalityPlatform.Candidates.csproj]
D:\projects\antigravity\Job-Platform\backend\src\HospitalityPlatform.Candidates\Services\ICandidatesDbContext.cs(8,5): error CS0246: The type or namespace name 'DbSet<>' could not be found (are you missing a using directive or an assembly reference?) [D:\projects\antigravity\Job-Platform\backend\src\HospitalityPlatform.Candidates\HospitalityPlatform.Candidates.csproj]
D:\projects\antigravity\Job-Platform\backend\src\HospitalityPlatform.Candidates\Services\ICandidatesDbContext.cs(9,5): error CS0246: The type or namespace name 'DbSet<>' could not be found (are you missing a using directive or an assembly reference?) [D:\projects\antigravity\Job-Platform\backend\src\HospitalityPlatform.Candidates\HospitalityPlatform.Candidates.csproj]
D:\projects\antigravity\Job-Platform\backend\src\HospitalityPlatform.Candidates\Services\ICandidatesDbContext.cs(10,5): error CS0246: The type or namespace name 'DbSet<>' could not be found (are you missing a using directive or an assembly reference?) [D:\projects\antigravity\Job-Platform\backend\src\HospitalityPlatform.Candidates\HospitalityPlatform.Candidates.csproj]
D:\projects\antigravity\Job-Platform\backend\src\HospitalityPlatform.Candidates\Services\ICandidatesDbContext.cs(11,5): error CS0246: The type or namespace name 'DbSet<>' could not be found (are you missing a using directive or an assembly reference?) [D:\projects\antigravity\Job-Platform\backend\src\HospitalityPlatform.Candidates\HospitalityPlatform.Candidates.csproj]
D:\projects\antigravity\Job-Platform\backend\src\HospitalityPlatform.Candidates\Services\ICandidatesDbContext.cs(11,11): error CS0246: The type or namespace name 'CandidateProfile' could not be found (are you missing a using directive or an assembly reference?) [D:\projects\antigravity\Job-Platform\backend\src\HospitalityPlatform.Candidates\HospitalityPlatform.Candidates.csproj]
D:\projects\antigravity\Job-Platform\backend\src\HospitalityPlatform.Candidates\Services\ICandidatesDbContext.cs(12,5): error CS0246: The type or namespace name 'DbSet<>' could not be found (are you missing a using directive or an assembly reference?) [D:\projects\antigravity\Job-Platform\backend\src\HospitalityPlatform.Candidates\HospitalityPlatform.Candidates.csproj]
D:\projects\antigravity\Job-Platform\backend\src\HospitalityPlatform.Candidates\Services\ICandidatesDbContext.cs(12,11): error CS0246: The type or namespace name 'SavedSearch' could not be found (are you missing a using directive or an assembly reference?) [D:\projects\antigravity\Job-Platform\backend\src\HospitalityPlatform.Candidates\HospitalityPlatform.Candidates.csproj]
D:\projects\antigravity\Job-Platform\backend\src\HospitalityPlatform.Candidates\Services\ICandidatesDbContext.cs(13,5): error CS0246: The type or namespace name 'DbSet<>' could not be found (are you missing a using directive or an assembly reference?) [D:\projects\antigravity\Job-Platform\backend\src\HospitalityPlatform.Candidates\HospitalityPlatform.Candidates.csproj]
D:\projects\antigravity\Job-Platform\backend\src\HospitalityPlatform.Candidates\Services\ICandidatesDbContext.cs(13,11): error CS0246: The type or namespace name 'ApplicationUser' could not be found (are you missing a using directive or an assembly reference?) [D:\projects\antigravity\Job-Platform\backend\src\HospitalityPlatform.Candidates\HospitalityPlatform.Candidates.csproj]
    10 Warning(s)
    13 Error(s)

Time Elapsed 00:00:03.85

Workload updates are available. Run `dotnet workload list` for more information.
