  Determining projects to restore...
D:\projects\antigravity\Job-Platform\backend\src\HospitalityPlatform.Documents\HospitalityPlatform.Documents.csproj : warning NU1902: Package 'Amazon.Extensions.S3.Encryption' 2.0.0 has a known moderate severity vulnerability, https://github.com/advisories/GHSA-4v42-65r3-3gjx [D:\projects\antigravity\Job-Platform\backend\tests\HospitalityPlatform.Api.Tests\HospitalityPlatform.Api.Tests.csproj]
  All projects are up-to-date for restore.
D:\projects\antigravity\Job-Platform\backend\src\HospitalityPlatform.Documents\HospitalityPlatform.Documents.csproj : warning NU1902: Package 'Amazon.Extensions.S3.Encryption' 2.0.0 has a known moderate severity vulnerability, https://github.com/advisories/GHSA-4v42-65r3-3gjx
  HospitalityPlatform.Core -> D:\projects\antigravity\Job-Platform\backend\src\HospitalityPlatform.Core\bin\Debug\net8.0\HospitalityPlatform.Core.dll
  HospitalityPlatform.Entitlements -> D:\projects\antigravity\Job-Platform\backend\src\HospitalityPlatform.Entitlements\bin\Debug\net8.0\HospitalityPlatform.Entitlements.dll
  HospitalityPlatform.Billing -> D:\projects\antigravity\Job-Platform\backend\src\HospitalityPlatform.Billing\bin\Debug\net8.0\HospitalityPlatform.Billing.dll
  HospitalityPlatform.Audit -> D:\projects\antigravity\Job-Platform\backend\src\HospitalityPlatform.Audit\bin\Debug\net8.0\HospitalityPlatform.Audit.dll
  HospitalityPlatform.Ratings -> D:\projects\antigravity\Job-Platform\backend\src\HospitalityPlatform.Ratings\bin\Debug\net8.0\HospitalityPlatform.Ratings.dll
  HospitalityPlatform.Documents -> D:\projects\antigravity\Job-Platform\backend\src\HospitalityPlatform.Documents\bin\Debug\net8.0\HospitalityPlatform.Documents.dll
  HospitalityPlatform.Jobs -> D:\projects\antigravity\Job-Platform\backend\src\HospitalityPlatform.Jobs\bin\Debug\net8.0\HospitalityPlatform.Jobs.dll
  HospitalityPlatform.Auth -> D:\projects\antigravity\Job-Platform\backend\src\HospitalityPlatform.Auth\bin\Debug\net8.0\HospitalityPlatform.Auth.dll
  HospitalityPlatform.Identity -> D:\projects\antigravity\Job-Platform\backend\src\HospitalityPlatform.Identity\bin\Debug\net8.0\HospitalityPlatform.Identity.dll
  HospitalityPlatform.Waitlist -> D:\projects\antigravity\Job-Platform\backend\src\HospitalityPlatform.Waitlist\bin\Debug\net8.0\HospitalityPlatform.Waitlist.dll
  HospitalityPlatform.Applications -> D:\projects\antigravity\Job-Platform\backend\src\HospitalityPlatform.Applications\bin\Debug\net8.0\HospitalityPlatform.Applications.dll
  HospitalityPlatform.Candidates -> D:\projects\antigravity\Job-Platform\backend\src\HospitalityPlatform.Candidates\bin\Debug\net8.0\HospitalityPlatform.Candidates.dll
  HospitalityPlatform.Messaging -> D:\projects\antigravity\Job-Platform\backend\src\HospitalityPlatform.Messaging\bin\Debug\net8.0\HospitalityPlatform.Messaging.dll
  HospitalityPlatform.Database -> D:\projects\antigravity\Job-Platform\backend\src\HospitalityPlatform.Database\bin\Debug\net8.0\HospitalityPlatform.Database.dll
  HospitalityPlatform.Api -> D:\projects\antigravity\Job-Platform\backend\src\HospitalityPlatform.Api\bin\Debug\net8.0\HospitalityPlatform.Api.dll
D:\projects\antigravity\Job-Platform\backend\tests\HospitalityPlatform.Api.Tests\OrgAuthorizationServiceTests.cs(20,18): error CS1061: 'DbContextOptionsBuilder<ApplicationDbContext>' does not contain a definition for 'UseInMemoryDatabase' and no accessible extension method 'UseInMemoryDatabase' accepting a first argument of type 'DbContextOptionsBuilder<ApplicationDbContext>' could be found (are you missing a using directive or an assembly reference?) [D:\projects\antigravity\Job-Platform\backend\tests\HospitalityPlatform.Api.Tests\HospitalityPlatform.Api.Tests.csproj]
D:\projects\antigravity\Job-Platform\backend\tests\HospitalityPlatform.Api.Tests\OrgAuthorizationServiceTests.cs(38,32): error CS0246: The type or namespace name 'OrgRole' could not be found (are you missing a using directive or an assembly reference?) [D:\projects\antigravity\Job-Platform\backend\tests\HospitalityPlatform.Api.Tests\HospitalityPlatform.Api.Tests.csproj]
D:\projects\antigravity\Job-Platform\backend\tests\HospitalityPlatform.Api.Tests\OrgAuthorizationServiceTests.cs(48,52): error CS0246: The type or namespace name 'OrgRolePermission' could not be found (are you missing a using directive or an assembly reference?) [D:\projects\antigravity\Job-Platform\backend\tests\HospitalityPlatform.Api.Tests\HospitalityPlatform.Api.Tests.csproj]
D:\projects\antigravity\Job-Platform\backend\tests\HospitalityPlatform.Api.Tests\OrgAuthorizationServiceTests.cs(55,48): error CS0246: The type or namespace name 'OrgMemberRole' could not be found (are you missing a using directive or an assembly reference?) [D:\projects\antigravity\Job-Platform\backend\tests\HospitalityPlatform.Api.Tests\HospitalityPlatform.Api.Tests.csproj]
D:\projects\antigravity\Job-Platform\backend\tests\HospitalityPlatform.Api.Tests\OrgAuthorizationServiceTests.cs(68,35): error CS7036: There is no argument given that corresponds to the required parameter 'logger' of 'OrgAuthorizationService.OrgAuthorizationService(ApplicationDbContext, IAuditService, ILogger<OrgAuthorizationService>)' [D:\projects\antigravity\Job-Platform\backend\tests\HospitalityPlatform.Api.Tests\HospitalityPlatform.Api.Tests.csproj]
D:\projects\antigravity\Job-Platform\backend\tests\HospitalityPlatform.Api.Tests\OrgAuthorizationServiceTests.cs(91,32): error CS0246: The type or namespace name 'OrgRole' could not be found (are you missing a using directive or an assembly reference?) [D:\projects\antigravity\Job-Platform\backend\tests\HospitalityPlatform.Api.Tests\HospitalityPlatform.Api.Tests.csproj]
D:\projects\antigravity\Job-Platform\backend\tests\HospitalityPlatform.Api.Tests\OrgAuthorizationServiceTests.cs(101,52): error CS0246: The type or namespace name 'OrgRolePermission' could not be found (are you missing a using directive or an assembly reference?) [D:\projects\antigravity\Job-Platform\backend\tests\HospitalityPlatform.Api.Tests\HospitalityPlatform.Api.Tests.csproj]
D:\projects\antigravity\Job-Platform\backend\tests\HospitalityPlatform.Api.Tests\OrgAuthorizationServiceTests.cs(108,48): error CS0246: The type or namespace name 'OrgMemberRole' could not be found (are you missing a using directive or an assembly reference?) [D:\projects\antigravity\Job-Platform\backend\tests\HospitalityPlatform.Api.Tests\HospitalityPlatform.Api.Tests.csproj]
D:\projects\antigravity\Job-Platform\backend\tests\HospitalityPlatform.Api.Tests\OrgAuthorizationServiceTests.cs(121,35): error CS7036: There is no argument given that corresponds to the required parameter 'logger' of 'OrgAuthorizationService.OrgAuthorizationService(ApplicationDbContext, IAuditService, ILogger<OrgAuthorizationService>)' [D:\projects\antigravity\Job-Platform\backend\tests\HospitalityPlatform.Api.Tests\HospitalityPlatform.Api.Tests.csproj]
D:\projects\antigravity\Job-Platform\backend\tests\HospitalityPlatform.Api.Tests\OrgAuthorizationServiceTests.cs(144,32): error CS0246: The type or namespace name 'OrgRole' could not be found (are you missing a using directive or an assembly reference?) [D:\projects\antigravity\Job-Platform\backend\tests\HospitalityPlatform.Api.Tests\HospitalityPlatform.Api.Tests.csproj]
D:\projects\antigravity\Job-Platform\backend\tests\HospitalityPlatform.Api.Tests\OrgAuthorizationServiceTests.cs(154,52): error CS0246: The type or namespace name 'OrgRolePermission' could not be found (are you missing a using directive or an assembly reference?) [D:\projects\antigravity\Job-Platform\backend\tests\HospitalityPlatform.Api.Tests\HospitalityPlatform.Api.Tests.csproj]
D:\projects\antigravity\Job-Platform\backend\tests\HospitalityPlatform.Api.Tests\OrgAuthorizationServiceTests.cs(161,48): error CS0246: The type or namespace name 'OrgMemberRole' could not be found (are you missing a using directive or an assembly reference?) [D:\projects\antigravity\Job-Platform\backend\tests\HospitalityPlatform.Api.Tests\HospitalityPlatform.Api.Tests.csproj]
D:\projects\antigravity\Job-Platform\backend\tests\HospitalityPlatform.Api.Tests\OrgAuthorizationServiceTests.cs(174,35): error CS7036: There is no argument given that corresponds to the required parameter 'logger' of 'OrgAuthorizationService.OrgAuthorizationService(ApplicationDbContext, IAuditService, ILogger<OrgAuthorizationService>)' [D:\projects\antigravity\Job-Platform\backend\tests\HospitalityPlatform.Api.Tests\HospitalityPlatform.Api.Tests.csproj]

Workload updates are available. Run `dotnet workload list` for more information.
